// Jest Snapshot v1, https://goo.gl/fbAQLP

exports[`tests the admin page should match page snapshot 1`] = `ShallowWrapper {}`;
