// Jest Snapshot v1, https://goo.gl/fbAQLP

exports[`tests the app page should match snapshot 1`] = `ReactWrapper {}`;
